Archive member included to satisfy reference by file (symbol)

c:/program files (x86)/microchip/xc8/v2.10/avr/bin/../lib/gcc/avr/5.4.0/../../../../avr/lib/avr5/memx-const\libm.a(addsf3.o)
                              build/default/production/mUART.o (__subsf3)
c:/program files (x86)/microchip/xc8/v2.10/avr/bin/../lib/gcc/avr/5.4.0/../../../../avr/lib/avr5/memx-const\libm.a(addsf3x.o)
                              c:/program files (x86)/microchip/xc8/v2.10/avr/bin/../lib/gcc/avr/5.4.0/../../../../avr/lib/avr5/memx-const\libm.a(addsf3.o) (__addsf3x)
c:/program files (x86)/microchip/xc8/v2.10/avr/bin/../lib/gcc/avr/5.4.0/../../../../avr/lib/avr5/memx-const\libm.a(divsf3.o)
                              build/default/production/mUART.o (__divsf3)
c:/program files (x86)/microchip/xc8/v2.10/avr/bin/../lib/gcc/avr/5.4.0/../../../../avr/lib/avr5/memx-const\libm.a(divsf3x.o)
                              c:/program files (x86)/microchip/xc8/v2.10/avr/bin/../lib/gcc/avr/5.4.0/../../../../avr/lib/avr5/memx-const\libm.a(divsf3.o) (__divsf3x)
c:/program files (x86)/microchip/xc8/v2.10/avr/bin/../lib/gcc/avr/5.4.0/../../../../avr/lib/avr5/memx-const\libm.a(fixsfsi.o)
                              build/default/production/mUART.o (__fixsfsi)
c:/program files (x86)/microchip/xc8/v2.10/avr/bin/../lib/gcc/avr/5.4.0/../../../../avr/lib/avr5/memx-const\libm.a(fixunssfsi.o)
                              c:/program files (x86)/microchip/xc8/v2.10/avr/bin/../lib/gcc/avr/5.4.0/../../../../avr/lib/avr5/memx-const\libm.a(fixsfsi.o) (__fixunssfsi)
c:/program files (x86)/microchip/xc8/v2.10/avr/bin/../lib/gcc/avr/5.4.0/../../../../avr/lib/avr5/memx-const\libm.a(floatsisf.o)
                              build/default/production/mUART.o (__floatsisf)
c:/program files (x86)/microchip/xc8/v2.10/avr/bin/../lib/gcc/avr/5.4.0/../../../../avr/lib/avr5/memx-const\libm.a(fp_inf.o)
                              c:/program files (x86)/microchip/xc8/v2.10/avr/bin/../lib/gcc/avr/5.4.0/../../../../avr/lib/avr5/memx-const\libm.a(addsf3x.o) (__fp_inf)
c:/program files (x86)/microchip/xc8/v2.10/avr/bin/../lib/gcc/avr/5.4.0/../../../../avr/lib/avr5/memx-const\libm.a(fp_nan.o)
                              c:/program files (x86)/microchip/xc8/v2.10/avr/bin/../lib/gcc/avr/5.4.0/../../../../avr/lib/avr5/memx-const\libm.a(addsf3x.o) (__fp_nan)
c:/program files (x86)/microchip/xc8/v2.10/avr/bin/../lib/gcc/avr/5.4.0/../../../../avr/lib/avr5/memx-const\libm.a(fp_pscA.o)
                              c:/program files (x86)/microchip/xc8/v2.10/avr/bin/../lib/gcc/avr/5.4.0/../../../../avr/lib/avr5/memx-const\libm.a(addsf3x.o) (__fp_pscA)
c:/program files (x86)/microchip/xc8/v2.10/avr/bin/../lib/gcc/avr/5.4.0/../../../../avr/lib/avr5/memx-const\libm.a(fp_pscB.o)
                              c:/program files (x86)/microchip/xc8/v2.10/avr/bin/../lib/gcc/avr/5.4.0/../../../../avr/lib/avr5/memx-const\libm.a(addsf3x.o) (__fp_pscB)
c:/program files (x86)/microchip/xc8/v2.10/avr/bin/../lib/gcc/avr/5.4.0/../../../../avr/lib/avr5/memx-const\libm.a(fp_round.o)
                              c:/program files (x86)/microchip/xc8/v2.10/avr/bin/../lib/gcc/avr/5.4.0/../../../../avr/lib/avr5/memx-const\libm.a(addsf3.o) (__fp_round)
c:/program files (x86)/microchip/xc8/v2.10/avr/bin/../lib/gcc/avr/5.4.0/../../../../avr/lib/avr5/memx-const\libm.a(fp_split3.o)
                              c:/program files (x86)/microchip/xc8/v2.10/avr/bin/../lib/gcc/avr/5.4.0/../../../../avr/lib/avr5/memx-const\libm.a(addsf3x.o) (__fp_split3)
c:/program files (x86)/microchip/xc8/v2.10/avr/bin/../lib/gcc/avr/5.4.0/../../../../avr/lib/avr5/memx-const\libm.a(fp_zero.o)
                              c:/program files (x86)/microchip/xc8/v2.10/avr/bin/../lib/gcc/avr/5.4.0/../../../../avr/lib/avr5/memx-const\libm.a(addsf3x.o) (__fp_zero)
c:/program files (x86)/microchip/xc8/v2.10/avr/bin/../lib/gcc/avr/5.4.0/avr5/memx-const\libgcc.a(_exit.o)
                              C:/Program Files (x86)/Microchip/MPLABX/v5.30/packs/Microchip/ATmega_DFP/2.0.12/gcc/dev/atmega32a/avr5/memx-const/crtatmega32a.o (exit)
c:/program files (x86)/microchip/xc8/v2.10/avr/bin/../lib/gcc/avr/5.4.0/avr5/memx-const\libgcc.a(_copy_data.o)
                              build/default/production/main.o (__do_clear_bss)
c:/program files (x86)/microchip/xc8/v2.10/avr/bin/../lib/gcc/avr/5.4.0/../../../../avr/lib/avr5/memx-const\libc.a(itoa_ncheck.o)
                              build/default/production/mUART.o (__itoa_ncheck)
c:/program files (x86)/microchip/xc8/v2.10/avr/bin/../lib/gcc/avr/5.4.0/../../../../avr/lib/avr5/memx-const\libc.a(utoa_ncheck.o)
                              c:/program files (x86)/microchip/xc8/v2.10/avr/bin/../lib/gcc/avr/5.4.0/../../../../avr/lib/avr5/memx-const\libc.a(itoa_ncheck.o) (__utoa_common)
c:/program files (x86)/microchip/xc8/v2.10/avr/bin/../lib/gcc/avr/5.4.0/../../../../avr/lib/avr5/memx-const\libc.a(strrev.o)
                              c:/program files (x86)/microchip/xc8/v2.10/avr/bin/../lib/gcc/avr/5.4.0/../../../../avr/lib/avr5/memx-const\libc.a(utoa_ncheck.o) (strrev)

Allocating common symbols
Common symbol       size              file

b                   0x1               build/default/production/main.o
data                0x1               build/default/production/main.o
a                   0x1               build/default/production/main.o

Discarded input sections

 .data          0x00000000        0x0 C:/Program Files (x86)/Microchip/MPLABX/v5.30/packs/Microchip/ATmega_DFP/2.0.12/gcc/dev/atmega32a/avr5/memx-const/crtatmega32a.o
 .bss           0x00000000        0x0 C:/Program Files (x86)/Microchip/MPLABX/v5.30/packs/Microchip/ATmega_DFP/2.0.12/gcc/dev/atmega32a/avr5/memx-const/crtatmega32a.o
 .text          0x00000000        0x0 build/default/production/KIT_IO.o
 .data          0x00000000        0x0 build/default/production/KIT_IO.o
 .bss           0x00000000        0x0 build/default/production/KIT_IO.o
 .text.isPressed_BTN0
                0x00000000        0x8 build/default/production/KIT_IO.o
 .text.isPressed_BTN1
                0x00000000        0xc build/default/production/KIT_IO.o
 .text.isPressed_BTN2
                0x00000000        0xc build/default/production/KIT_IO.o
 .text.BTNs_init
                0x00000000        0xa build/default/production/KIT_IO.o
 .text.BUZZER_init
                0x00000000        0x4 build/default/production/KIT_IO.o
 .text.BUZZER_ON
                0x00000000        0x4 build/default/production/KIT_IO.o
 .text.BUZZER_OFF
                0x00000000        0x4 build/default/production/KIT_IO.o
 .text.RELAY_init
                0x00000000        0x4 build/default/production/KIT_IO.o
 .text.RELAY_ON
                0x00000000        0x4 build/default/production/KIT_IO.o
 .text.RELAY_OFF
                0x00000000        0x4 build/default/production/KIT_IO.o
 .text.LEDs_init
                0x00000000        0xa build/default/production/KIT_IO.o
 .text.LED0_ON  0x00000000        0x4 build/default/production/KIT_IO.o
 .text.LED1_ON  0x00000000        0x4 build/default/production/KIT_IO.o
 .text.LED2_ON  0x00000000        0x4 build/default/production/KIT_IO.o
 .text.LED0_OFF
                0x00000000        0x4 build/default/production/KIT_IO.o
 .text.LED1_OFF
                0x00000000        0x4 build/default/production/KIT_IO.o
 .text.LED2_OFF
                0x00000000        0x4 build/default/production/KIT_IO.o
 .text.LEDs_OFF
                0x00000000        0xe build/default/production/KIT_IO.o
 .text.LEDs_ON  0x00000000        0xe build/default/production/KIT_IO.o
 .text.LED0_TOGGLE
                0x00000000        0xa build/default/production/KIT_IO.o
 .text.LED1_TOGGLE
                0x00000000        0xa build/default/production/KIT_IO.o
 .text.LED2_TOGGLE
                0x00000000        0xa build/default/production/KIT_IO.o
 .debug_info    0x00000000      0x491 build/default/production/KIT_IO.o
 .debug_abbrev  0x00000000       0x7f build/default/production/KIT_IO.o
 .debug_aranges
                0x00000000       0xc8 build/default/production/KIT_IO.o
 .debug_ranges  0x00000000       0xb8 build/default/production/KIT_IO.o
 .debug_line    0x00000000      0x28f build/default/production/KIT_IO.o
 .debug_str     0x00000000        0x0 build/default/production/KIT_IO.o
 .comment       0x00000000       0x30 build/default/production/KIT_IO.o
 .debug_frame   0x00000000      0x174 build/default/production/KIT_IO.o
 .text          0x00000000        0x0 build/default/production/EXTERNAL_INTERRUPTS.o
 .data          0x00000000        0x0 build/default/production/EXTERNAL_INTERRUPTS.o
 .bss           0x00000000        0x0 build/default/production/EXTERNAL_INTERRUPTS.o
 .text.INT_ENABLE
                0x00000000       0xe0 build/default/production/EXTERNAL_INTERRUPTS.o
 .text.INT_DISABLE
                0x00000000       0x28 build/default/production/EXTERNAL_INTERRUPTS.o
 .debug_info    0x00000000      0x292 build/default/production/EXTERNAL_INTERRUPTS.o
 .debug_abbrev  0x00000000       0x7e build/default/production/EXTERNAL_INTERRUPTS.o
 .debug_loc     0x00000000       0xc4 build/default/production/EXTERNAL_INTERRUPTS.o
 .debug_aranges
                0x00000000       0x28 build/default/production/EXTERNAL_INTERRUPTS.o
 .debug_ranges  0x00000000       0x18 build/default/production/EXTERNAL_INTERRUPTS.o
 .debug_line    0x00000000      0x182 build/default/production/EXTERNAL_INTERRUPTS.o
 .debug_str     0x00000000        0x9 build/default/production/EXTERNAL_INTERRUPTS.o
 .comment       0x00000000       0x30 build/default/production/EXTERNAL_INTERRUPTS.o
 .debug_frame   0x00000000       0x34 build/default/production/EXTERNAL_INTERRUPTS.o
 .text          0x00000000        0x0 build/default/production/mADC.o
 .data          0x00000000        0x0 build/default/production/mADC.o
 .bss           0x00000000        0x0 build/default/production/mADC.o
 .text.ADC_selectVref
                0x00000000       0x22 build/default/production/mADC.o
 .text.ADC_selectChannel
                0x00000000        0xe build/default/production/mADC.o
 .text.ADC_selectPrescalar
                0x00000000        0xe build/default/production/mADC.o
 .text.ADC_ENABLE
                0x00000000        0x4 build/default/production/mADC.o
 .text.ADC_DISABLE
                0x00000000        0x4 build/default/production/mADC.o
 .text.ADC_START
                0x00000000        0x4 build/default/production/mADC.o
 .text.ADC_READ_R
                0x00000000        0xa build/default/production/mADC.o
 .text.ADC_READ_L
                0x00000000       0x1a build/default/production/mADC.o
 .text.ADC_INIT
                0x00000000       0x2a build/default/production/mADC.o
 .text.ADC_WAIT
                0x00000000        0x6 build/default/production/mADC.o
 .debug_info    0x00000000      0x420 build/default/production/mADC.o
 .debug_abbrev  0x00000000       0xc9 build/default/production/mADC.o
 .debug_loc     0x00000000      0x166 build/default/production/mADC.o
 .debug_aranges
                0x00000000       0x68 build/default/production/mADC.o
 .debug_ranges  0x00000000       0x58 build/default/production/mADC.o
 .debug_line    0x00000000      0x1af build/default/production/mADC.o
 .debug_str     0x00000000       0x18 build/default/production/mADC.o
 .comment       0x00000000       0x30 build/default/production/mADC.o
 .debug_frame   0x00000000       0xc8 build/default/production/mADC.o
 .text          0x00000000        0x0 build/default/production/mUART.o
 .data          0x00000000        0x0 build/default/production/mUART.o
 .bss           0x00000000        0x0 build/default/production/mUART.o
 .text.UART_transmit
                0x00000000        0x8 build/default/production/mUART.o
 .text.UART_transmit_str
                0x00000000       0x1e build/default/production/mUART.o
 .text.UART_transmit_num
                0x00000000       0x3a build/default/production/mUART.o
 .text          0x00000000        0x0 build/default/production/SPI.o
 .data          0x00000000        0x0 build/default/production/SPI.o
 .bss           0x00000000        0x0 build/default/production/SPI.o
 .text          0x00000000        0x0 build/default/production/Timer.o
 .data          0x00000000        0x0 build/default/production/Timer.o
 .bss           0x00000000        0x0 build/default/production/Timer.o
 .text.Timer0_init
                0x00000000       0x52 build/default/production/Timer.o
 .text.Timer0_OVIE
                0x00000000       0x14 build/default/production/Timer.o
 .text.Timer0_OCIE
                0x00000000       0x14 build/default/production/Timer.o
 .text.Timer0_setMaxPoint
                0x00000000        0x4 build/default/production/Timer.o
 .text.Timer0_setOC0Mode
                0x00000000       0x20 build/default/production/Timer.o
 .debug_info    0x00000000      0x31e build/default/production/Timer.o
 .debug_abbrev  0x00000000       0x7e build/default/production/Timer.o
 .debug_loc     0x00000000      0x154 build/default/production/Timer.o
 .debug_aranges
                0x00000000       0x40 build/default/production/Timer.o
 .debug_ranges  0x00000000       0x30 build/default/production/Timer.o
 .debug_line    0x00000000      0x144 build/default/production/Timer.o
 .debug_str     0x00000000        0x0 build/default/production/Timer.o
 .comment       0x00000000       0x30 build/default/production/Timer.o
 .debug_frame   0x00000000       0x64 build/default/production/Timer.o
 .text          0x00000000        0x0 build/default/production/main.o
 .data          0x00000000        0x0 build/default/production/main.o
 .bss           0x00000000        0x0 build/default/production/main.o
 .text          0x00000000        0x0 build/default/production/mLCD.o
 .data          0x00000000        0x0 build/default/production/mLCD.o
 .bss           0x00000000        0x0 build/default/production/mLCD.o
 .text.LCD_cmd  0x00000000       0x1c build/default/production/mLCD.o
 .text.LCD_cmd_4bits
                0x00000000       0x58 build/default/production/mLCD.o
 .text.LCD_write_4bits
                0x00000000       0x58 build/default/production/mLCD.o
 .text.LCD_init
                0x00000000       0x7a build/default/production/mLCD.o
 .text.LCD_write
                0x00000000       0x16 build/default/production/mLCD.o
 .text.LCD_clear
                0x00000000       0x20 build/default/production/mLCD.o
 .text.LCD_clear_4bits
                0x00000000       0x20 build/default/production/mLCD.o
 .text.LCD_write_str
                0x00000000       0x1e build/default/production/mLCD.o
 .text.LCD_write_str_4bits
                0x00000000       0x1e build/default/production/mLCD.o
 .text.LCD_write_num
                0x00000000       0x3a build/default/production/mLCD.o
 .text.LCD_write_num_4bits
                0x00000000       0x3a build/default/production/mLCD.o
 .text.LCD_goto_line1
                0x00000000        0x8 build/default/production/mLCD.o
 .text.LCD_goto_line2
                0x00000000        0x8 build/default/production/mLCD.o
 .text.LCD_goto_line1_4bits
                0x00000000        0x8 build/default/production/mLCD.o
 .text.LCD_goto_line2_4bits
                0x00000000        0x8 build/default/production/mLCD.o
 .text.LCD_goto_xy
                0x00000000       0x28 build/default/production/mLCD.o
 .text.LCD_goto_xy_4bits
                0x00000000       0x28 build/default/production/mLCD.o
 .debug_info    0x00000000      0xcae build/default/production/mLCD.o
 .debug_abbrev  0x00000000      0x20e build/default/production/mLCD.o
 .debug_loc     0x00000000      0x85e build/default/production/mLCD.o
 .debug_aranges
                0x00000000       0xa0 build/default/production/mLCD.o
 .debug_ranges  0x00000000       0x90 build/default/production/mLCD.o
 .debug_line    0x00000000      0x47b build/default/production/mLCD.o
 .debug_str     0x00000000       0x3e build/default/production/mLCD.o
 .comment       0x00000000       0x30 build/default/production/mLCD.o
 .debug_frame   0x00000000      0x15c build/default/production/mLCD.o
 .text          0x00000000        0x0 c:/program files (x86)/microchip/xc8/v2.10/avr/bin/../lib/gcc/avr/5.4.0/../../../../avr/lib/avr5/memx-const\libm.a(addsf3.o)
 .data          0x00000000        0x0 c:/program files (x86)/microchip/xc8/v2.10/avr/bin/../lib/gcc/avr/5.4.0/../../../../avr/lib/avr5/memx-const\libm.a(addsf3.o)
 .bss           0x00000000        0x0 c:/program files (x86)/microchip/xc8/v2.10/avr/bin/../lib/gcc/avr/5.4.0/../../../../avr/lib/avr5/memx-const\libm.a(addsf3.o)
 .text          0x00000000        0x0 c:/program files (x86)/microchip/xc8/v2.10/avr/bin/../lib/gcc/avr/5.4.0/../../../../avr/lib/avr5/memx-const\libm.a(addsf3x.o)
 .data          0x00000000        0x0 c:/program files (x86)/microchip/xc8/v2.10/avr/bin/../lib/gcc/avr/5.4.0/../../../../avr/lib/avr5/memx-const\libm.a(addsf3x.o)
 .bss           0x00000000        0x0 c:/program files (x86)/microchip/xc8/v2.10/avr/bin/../lib/gcc/avr/5.4.0/../../../../avr/lib/avr5/memx-const\libm.a(addsf3x.o)
 .text          0x00000000        0x0 c:/program files (x86)/microchip/xc8/v2.10/avr/bin/../lib/gcc/avr/5.4.0/../../../../avr/lib/avr5/memx-const\libm.a(divsf3.o)
 .data          0x00000000        0x0 c:/program files (x86)/microchip/xc8/v2.10/avr/bin/../lib/gcc/avr/5.4.0/../../../../avr/lib/avr5/memx-const\libm.a(divsf3.o)
 .bss           0x00000000        0x0 c:/program files (x86)/microchip/xc8/v2.10/avr/bin/../lib/gcc/avr/5.4.0/../../../../avr/lib/avr5/memx-const\libm.a(divsf3.o)
 .text          0x00000000        0x0 c:/program files (x86)/microchip/xc8/v2.10/avr/bin/../lib/gcc/avr/5.4.0/../../../../avr/lib/avr5/memx-const\libm.a(divsf3x.o)
 .data          0x00000000        0x0 c:/program files (x86)/microchip/xc8/v2.10/avr/bin/../lib/gcc/avr/5.4.0/../../../../avr/lib/avr5/memx-const\libm.a(divsf3x.o)
 .bss           0x00000000        0x0 c:/program files (x86)/microchip/xc8/v2.10/avr/bin/../lib/gcc/avr/5.4.0/../../../../avr/lib/avr5/memx-const\libm.a(divsf3x.o)
 .text          0x00000000        0x0 c:/program files (x86)/microchip/xc8/v2.10/avr/bin/../lib/gcc/avr/5.4.0/../../../../avr/lib/avr5/memx-const\libm.a(fixsfsi.o)
 .data          0x00000000        0x0 c:/program files (x86)/microchip/xc8/v2.10/avr/bin/../lib/gcc/avr/5.4.0/../../../../avr/lib/avr5/memx-const\libm.a(fixsfsi.o)
 .bss           0x00000000        0x0 c:/program files (x86)/microchip/xc8/v2.10/avr/bin/../lib/gcc/avr/5.4.0/../../../../avr/lib/avr5/memx-const\libm.a(fixsfsi.o)
 .text          0x00000000        0x0 c:/program files (x86)/microchip/xc8/v2.10/avr/bin/../lib/gcc/avr/5.4.0/../../../../avr/lib/avr5/memx-const\libm.a(fixunssfsi.o)
 .data          0x00000000        0x0 c:/program files (x86)/microchip/xc8/v2.10/avr/bin/../lib/gcc/avr/5.4.0/../../../../avr/lib/avr5/memx-const\libm.a(fixunssfsi.o)
 .bss           0x00000000        0x0 c:/program files (x86)/microchip/xc8/v2.10/avr/bin/../lib/gcc/avr/5.4.0/../../../../avr/lib/avr5/memx-const\libm.a(fixunssfsi.o)
 .text          0x00000000        0x0 c:/program files (x86)/microchip/xc8/v2.10/avr/bin/../lib/gcc/avr/5.4.0/../../../../avr/lib/avr5/memx-const\libm.a(floatsisf.o)
 .data          0x00000000        0x0 c:/program files (x86)/microchip/xc8/v2.10/avr/bin/../lib/gcc/avr/5.4.0/../../../../avr/lib/avr5/memx-const\libm.a(floatsisf.o)
 .bss           0x00000000        0x0 c:/program files (x86)/microchip/xc8/v2.10/avr/bin/../lib/gcc/avr/5.4.0/../../../../avr/lib/avr5/memx-const\libm.a(floatsisf.o)
 .text          0x00000000        0x0 c:/program files (x86)/microchip/xc8/v2.10/avr/bin/../lib/gcc/avr/5.4.0/../../../../avr/lib/avr5/memx-const\libm.a(fp_inf.o)
 .data          0x00000000        0x0 c:/program files (x86)/microchip/xc8/v2.10/avr/bin/../lib/gcc/avr/5.4.0/../../../../avr/lib/avr5/memx-const\libm.a(fp_inf.o)
 .bss           0x00000000        0x0 c:/program files (x86)/microchip/xc8/v2.10/avr/bin/../lib/gcc/avr/5.4.0/../../../../avr/lib/avr5/memx-const\libm.a(fp_inf.o)
 .text          0x00000000        0x0 c:/program files (x86)/microchip/xc8/v2.10/avr/bin/../lib/gcc/avr/5.4.0/../../../../avr/lib/avr5/memx-const\libm.a(fp_nan.o)
 .data          0x00000000        0x0 c:/program files (x86)/microchip/xc8/v2.10/avr/bin/../lib/gcc/avr/5.4.0/../../../../avr/lib/avr5/memx-const\libm.a(fp_nan.o)
 .bss           0x00000000        0x0 c:/program files (x86)/microchip/xc8/v2.10/avr/bin/../lib/gcc/avr/5.4.0/../../../../avr/lib/avr5/memx-const\libm.a(fp_nan.o)
 .text          0x00000000        0x0 c:/program files (x86)/microchip/xc8/v2.10/avr/bin/../lib/gcc/avr/5.4.0/../../../../avr/lib/avr5/memx-const\libm.a(fp_pscA.o)
 .data          0x00000000        0x0 c:/program files (x86)/microchip/xc8/v2.10/avr/bin/../lib/gcc/avr/5.4.0/../../../../avr/lib/avr5/memx-const\libm.a(fp_pscA.o)
 .bss           0x00000000        0x0 c:/program files (x86)/microchip/xc8/v2.10/avr/bin/../lib/gcc/avr/5.4.0/../../../../avr/lib/avr5/memx-const\libm.a(fp_pscA.o)
 .text          0x00000000        0x0 c:/program files (x86)/microchip/xc8/v2.10/avr/bin/../lib/gcc/avr/5.4.0/../../../../avr/lib/avr5/memx-const\libm.a(fp_pscB.o)
 .data          0x00000000        0x0 c:/program files (x86)/microchip/xc8/v2.10/avr/bin/../lib/gcc/avr/5.4.0/../../../../avr/lib/avr5/memx-const\libm.a(fp_pscB.o)
 .bss           0x00000000        0x0 c:/program files (x86)/microchip/xc8/v2.10/avr/bin/../lib/gcc/avr/5.4.0/../../../../avr/lib/avr5/memx-const\libm.a(fp_pscB.o)
 .text          0x00000000        0x0 c:/program files (x86)/microchip/xc8/v2.10/avr/bin/../lib/gcc/avr/5.4.0/../../../../avr/lib/avr5/memx-const\libm.a(fp_round.o)
 .data          0x00000000        0x0 c:/program files (x86)/microchip/xc8/v2.10/avr/bin/../lib/gcc/avr/5.4.0/../../../../avr/lib/avr5/memx-const\libm.a(fp_round.o)
 .bss           0x00000000        0x0 c:/program files (x86)/microchip/xc8/v2.10/avr/bin/../lib/gcc/avr/5.4.0/../../../../avr/lib/avr5/memx-const\libm.a(fp_round.o)
 .text          0x00000000        0x0 c:/program files (x86)/microchip/xc8/v2.10/avr/bin/../lib/gcc/avr/5.4.0/../../../../avr/lib/avr5/memx-const\libm.a(fp_split3.o)
 .data          0x00000000        0x0 c:/program files (x86)/microchip/xc8/v2.10/avr/bin/../lib/gcc/avr/5.4.0/../../../../avr/lib/avr5/memx-const\libm.a(fp_split3.o)
 .bss           0x00000000        0x0 c:/program files (x86)/microchip/xc8/v2.10/avr/bin/../lib/gcc/avr/5.4.0/../../../../avr/lib/avr5/memx-const\libm.a(fp_split3.o)
 .text          0x00000000        0x0 c:/program files (x86)/microchip/xc8/v2.10/avr/bin/../lib/gcc/avr/5.4.0/../../../../avr/lib/avr5/memx-const\libm.a(fp_zero.o)
 .data          0x00000000        0x0 c:/program files (x86)/microchip/xc8/v2.10/avr/bin/../lib/gcc/avr/5.4.0/../../../../avr/lib/avr5/memx-const\libm.a(fp_zero.o)
 .bss           0x00000000        0x0 c:/program files (x86)/microchip/xc8/v2.10/avr/bin/../lib/gcc/avr/5.4.0/../../../../avr/lib/avr5/memx-const\libm.a(fp_zero.o)
 .text          0x00000000        0x0 c:/program files (x86)/microchip/xc8/v2.10/avr/bin/../lib/gcc/avr/5.4.0/avr5/memx-const\libgcc.a(_exit.o)
 .data          0x00000000        0x0 c:/program files (x86)/microchip/xc8/v2.10/avr/bin/../lib/gcc/avr/5.4.0/avr5/memx-const\libgcc.a(_exit.o)
 .bss           0x00000000        0x0 c:/program files (x86)/microchip/xc8/v2.10/avr/bin/../lib/gcc/avr/5.4.0/avr5/memx-const\libgcc.a(_exit.o)
 .text.libgcc.mul
                0x00000000        0x0 c:/program files (x86)/microchip/xc8/v2.10/avr/bin/../lib/gcc/avr/5.4.0/avr5/memx-const\libgcc.a(_exit.o)
 .text.libgcc.div
                0x00000000        0x0 c:/program files (x86)/microchip/xc8/v2.10/avr/bin/../lib/gcc/avr/5.4.0/avr5/memx-const\libgcc.a(_exit.o)
 .text.libgcc   0x00000000        0x0 c:/program files (x86)/microchip/xc8/v2.10/avr/bin/../lib/gcc/avr/5.4.0/avr5/memx-const\libgcc.a(_exit.o)
 .text.libgcc.prologue
                0x00000000        0x0 c:/program files (x86)/microchip/xc8/v2.10/avr/bin/../lib/gcc/avr/5.4.0/avr5/memx-const\libgcc.a(_exit.o)
 .text.libgcc.builtins
                0x00000000        0x0 c:/program files (x86)/microchip/xc8/v2.10/avr/bin/../lib/gcc/avr/5.4.0/avr5/memx-const\libgcc.a(_exit.o)
 .text.libgcc.fmul
                0x00000000        0x0 c:/program files (x86)/microchip/xc8/v2.10/avr/bin/../lib/gcc/avr/5.4.0/avr5/memx-const\libgcc.a(_exit.o)
 .text.libgcc.fixed
                0x00000000        0x0 c:/program files (x86)/microchip/xc8/v2.10/avr/bin/../lib/gcc/avr/5.4.0/avr5/memx-const\libgcc.a(_exit.o)
 .text          0x00000000        0x0 c:/program files (x86)/microchip/xc8/v2.10/avr/bin/../lib/gcc/avr/5.4.0/avr5/memx-const\libgcc.a(_copy_data.o)
 .data          0x00000000        0x0 c:/program files (x86)/microchip/xc8/v2.10/avr/bin/../lib/gcc/avr/5.4.0/avr5/memx-const\libgcc.a(_copy_data.o)
 .bss           0x00000000        0x0 c:/program files (x86)/microchip/xc8/v2.10/avr/bin/../lib/gcc/avr/5.4.0/avr5/memx-const\libgcc.a(_copy_data.o)
 .text.libgcc.mul
                0x00000000        0x0 c:/program files (x86)/microchip/xc8/v2.10/avr/bin/../lib/gcc/avr/5.4.0/avr5/memx-const\libgcc.a(_copy_data.o)
 .text.libgcc.div
                0x00000000        0x0 c:/program files (x86)/microchip/xc8/v2.10/avr/bin/../lib/gcc/avr/5.4.0/avr5/memx-const\libgcc.a(_copy_data.o)
 .text.libgcc   0x00000000        0x0 c:/program files (x86)/microchip/xc8/v2.10/avr/bin/../lib/gcc/avr/5.4.0/avr5/memx-const\libgcc.a(_copy_data.o)
 .text.libgcc.prologue
                0x00000000        0x0 c:/program files (x86)/microchip/xc8/v2.10/avr/bin/../lib/gcc/avr/5.4.0/avr5/memx-const\libgcc.a(_copy_data.o)
 .text.libgcc.builtins
                0x00000000        0x0 c:/program files (x86)/microchip/xc8/v2.10/avr/bin/../lib/gcc/avr/5.4.0/avr5/memx-const\libgcc.a(_copy_data.o)
 .text.libgcc.fmul
                0x00000000        0x0 c:/program files (x86)/microchip/xc8/v2.10/avr/bin/../lib/gcc/avr/5.4.0/avr5/memx-const\libgcc.a(_copy_data.o)
 .text.libgcc.fixed
                0x00000000        0x0 c:/program files (x86)/microchip/xc8/v2.10/avr/bin/../lib/gcc/avr/5.4.0/avr5/memx-const\libgcc.a(_copy_data.o)
 .text          0x00000000        0x0 c:/program files (x86)/microchip/xc8/v2.10/avr/bin/../lib/gcc/avr/5.4.0/../../../../avr/lib/avr5/memx-const\libc.a(itoa_ncheck.o)
 .data          0x00000000        0x0 c:/program files (x86)/microchip/xc8/v2.10/avr/bin/../lib/gcc/avr/5.4.0/../../../../avr/lib/avr5/memx-const\libc.a(itoa_ncheck.o)
 .bss           0x00000000        0x0 c:/program files (x86)/microchip/xc8/v2.10/avr/bin/../lib/gcc/avr/5.4.0/../../../../avr/lib/avr5/memx-const\libc.a(itoa_ncheck.o)
 .text.avrlibc  0x00000000       0x16 c:/program files (x86)/microchip/xc8/v2.10/avr/bin/../lib/gcc/avr/5.4.0/../../../../avr/lib/avr5/memx-const\libc.a(itoa_ncheck.o)
 .text          0x00000000        0x0 c:/program files (x86)/microchip/xc8/v2.10/avr/bin/../lib/gcc/avr/5.4.0/../../../../avr/lib/avr5/memx-const\libc.a(utoa_ncheck.o)
 .data          0x00000000        0x0 c:/program files (x86)/microchip/xc8/v2.10/avr/bin/../lib/gcc/avr/5.4.0/../../../../avr/lib/avr5/memx-const\libc.a(utoa_ncheck.o)
 .bss           0x00000000        0x0 c:/program files (x86)/microchip/xc8/v2.10/avr/bin/../lib/gcc/avr/5.4.0/../../../../avr/lib/avr5/memx-const\libc.a(utoa_ncheck.o)
 .text.avrlibc  0x00000000       0x34 c:/program files (x86)/microchip/xc8/v2.10/avr/bin/../lib/gcc/avr/5.4.0/../../../../avr/lib/avr5/memx-const\libc.a(utoa_ncheck.o)
 .text          0x00000000        0x0 c:/program files (x86)/microchip/xc8/v2.10/avr/bin/../lib/gcc/avr/5.4.0/../../../../avr/lib/avr5/memx-const\libc.a(strrev.o)
 .data          0x00000000        0x0 c:/program files (x86)/microchip/xc8/v2.10/avr/bin/../lib/gcc/avr/5.4.0/../../../../avr/lib/avr5/memx-const\libc.a(strrev.o)
 .bss           0x00000000        0x0 c:/program files (x86)/microchip/xc8/v2.10/avr/bin/../lib/gcc/avr/5.4.0/../../../../avr/lib/avr5/memx-const\libc.a(strrev.o)
 .text.avrlibc  0x00000000       0x20 c:/program files (x86)/microchip/xc8/v2.10/avr/bin/../lib/gcc/avr/5.4.0/../../../../avr/lib/avr5/memx-const\libc.a(strrev.o)

Memory Configuration

Name             Origin             Length             Attributes
text             0x00000000         0x00008000         xr
data             0x00800060         0x00000800         rw !x
eeprom           0x00810000         0x00000400         rw !x
fuse             0x00820000         0x00000002         rw !x
lock             0x00830000         0x00000400         rw !x
signature        0x00840000         0x00000400         rw !x
user_signatures  0x00850000         0x00000400         rw !x
*default*        0x00000000         0xffffffff

Linker script and memory map

LOAD C:/Program Files (x86)/Microchip/MPLABX/v5.30/packs/Microchip/ATmega_DFP/2.0.12/gcc/dev/atmega32a/avr5/memx-const/crtatmega32a.o
                0x00000001                __MPLAB_BUILD = 0x1
LOAD build/default/production/KIT_IO.o
LOAD build/default/production/EXTERNAL_INTERRUPTS.o
LOAD build/default/production/mADC.o
LOAD build/default/production/mUART.o
LOAD build/default/production/SPI.o
LOAD build/default/production/Timer.o
LOAD build/default/production/main.o
LOAD build/default/production/mLCD.o
START GROUP
LOAD c:/program files (x86)/microchip/xc8/v2.10/avr/bin/../lib/gcc/avr/5.4.0/../../../../avr/lib/avr5/memx-const\libm.a
END GROUP
START GROUP
LOAD c:/program files (x86)/microchip/xc8/v2.10/avr/bin/../lib/gcc/avr/5.4.0/avr5/memx-const\libgcc.a
LOAD c:/program files (x86)/microchip/xc8/v2.10/avr/bin/../lib/gcc/avr/5.4.0/../../../../avr/lib/avr5/memx-const\libm.a
LOAD c:/program files (x86)/microchip/xc8/v2.10/avr/bin/../lib/gcc/avr/5.4.0/../../../../avr/lib/avr5/memx-const\libc.a
LOAD C:/Program Files (x86)/Microchip/MPLABX/v5.30/packs/Microchip/ATmega_DFP/2.0.12/gcc/dev/atmega32a/avr5/memx-const\libatmega32a.a
END GROUP
                [0x00000000]                __TEXT_REGION_ORIGIN__ = DEFINED (__TEXT_REGION_ORIGIN__)?__TEXT_REGION_ORIGIN__:0x0
                [0x00800060]                __DATA_REGION_ORIGIN__ = DEFINED (__DATA_REGION_ORIGIN__)?__DATA_REGION_ORIGIN__:0x800060
                [0x00008000]                __TEXT_REGION_LENGTH__ = DEFINED (__TEXT_REGION_LENGTH__)?__TEXT_REGION_LENGTH__:0x20000
                [0x00000800]                __DATA_REGION_LENGTH__ = DEFINED (__DATA_REGION_LENGTH__)?__DATA_REGION_LENGTH__:0xffa0
                [0x00000400]                __EEPROM_REGION_LENGTH__ = DEFINED (__EEPROM_REGION_LENGTH__)?__EEPROM_REGION_LENGTH__:0x10000
                [0x00000002]                __FUSE_REGION_LENGTH__ = DEFINED (__FUSE_REGION_LENGTH__)?__FUSE_REGION_LENGTH__:0x400
                0x00000400                __LOCK_REGION_LENGTH__ = DEFINED (__LOCK_REGION_LENGTH__)?__LOCK_REGION_LENGTH__:0x400
                0x00000400                __SIGNATURE_REGION_LENGTH__ = DEFINED (__SIGNATURE_REGION_LENGTH__)?__SIGNATURE_REGION_LENGTH__:0x400
                0x00000400                __USER_SIGNATURE_REGION_LENGTH__ = DEFINED (__USER_SIGNATURE_REGION_LENGTH__)?__USER_SIGNATURE_REGION_LENGTH__:0x400

.hash
 *(.hash)

.dynsym
 *(.dynsym)

.dynstr
 *(.dynstr)

.gnu.version
 *(.gnu.version)

.gnu.version_d
 *(.gnu.version_d)

.gnu.version_r
 *(.gnu.version_r)

.rel.init
 *(.rel.init)

.rela.init
 *(.rela.init)

.rel.text
 *(.rel.text)
 *(.rel.text.*)
 *(.rel.gnu.linkonce.t*)

.rela.text
 *(.rela.text)
 *(.rela.text.*)
 *(.rela.gnu.linkonce.t*)

.rel.fini
 *(.rel.fini)

.rela.fini
 *(.rela.fini)

.rel.rodata
 *(.rel.rodata)
 *(.rel.rodata.*)
 *(.rel.gnu.linkonce.r*)

.rela.rodata
 *(.rela.rodata)
 *(.rela.rodata.*)
 *(.rela.gnu.linkonce.r*)

.rel.data
 *(.rel.data)
 *(.rel.data.*)
 *(.rel.gnu.linkonce.d*)

.rela.data
 *(.rela.data)
 *(.rela.data.*)
 *(.rela.gnu.linkonce.d*)

.rel.ctors
 *(.rel.ctors)

.rela.ctors
 *(.rela.ctors)

.rel.dtors
 *(.rel.dtors)

.rela.dtors
 *(.rela.dtors)

.rel.got
 *(.rel.got)

.rela.got
 *(.rela.got)

.rel.bss
 *(.rel.bss)

.rela.bss
 *(.rela.bss)

.rel.plt
 *(.rel.plt)

.rela.plt
 *(.rela.plt)

.text           0x00000000       0xae
 *(.vectors)
 .vectors       0x00000000       0x54 C:/Program Files (x86)/Microchip/MPLABX/v5.30/packs/Microchip/ATmega_DFP/2.0.12/gcc/dev/atmega32a/avr5/memx-const/crtatmega32a.o
                0x00000000                __vector_default
                0x00000000                __vectors
 *(.vectors)
 *(.progmem.gcc*)
 *(.dinit)
 .dinit         0x00000054        0x5 data_init
                0x0000005a                . = ALIGN (0x2)
 *fill*         0x00000059        0x1 
                0x0000005a                __trampolines_start = .
 *(.trampolines)
 .trampolines   0x0000005a        0x0 linker stubs
 *(.trampolines*)
                0x0000005a                __trampolines_end = .
 *libprintf_flt.a:*(.progmem.data)
 *libc.a:*(.progmem.data)
                0x0000005a                . = ALIGN (0x2)
 *(.jumptables)
 *(.jumptables*)
 *(.lowtext)
 *(.lowtext*)
                0x0000005a                __ctors_start = .
 *(.ctors)
                0x0000005a                __ctors_end = .
                0x0000005a                __dtors_start = .
 *(.dtors)
                0x0000005a                __dtors_end = .
 SORT(*)(.ctors)
 SORT(*)(.dtors)
 *(.init0)
 .init0         0x0000005a        0x0 C:/Program Files (x86)/Microchip/MPLABX/v5.30/packs/Microchip/ATmega_DFP/2.0.12/gcc/dev/atmega32a/avr5/memx-const/crtatmega32a.o
                0x0000005a                __init
 *(.init0)
 *(.init1)
 *(.init1)
 *(.init2)
 .init2         0x0000005a        0xc C:/Program Files (x86)/Microchip/MPLABX/v5.30/packs/Microchip/ATmega_DFP/2.0.12/gcc/dev/atmega32a/avr5/memx-const/crtatmega32a.o
 *(.init2)
 *(.init3)
 *(.init3)
 *(.init4)
 .init4         0x00000066       0x3c c:/program files (x86)/microchip/xc8/v2.10/avr/bin/../lib/gcc/avr/5.4.0/avr5/memx-const\libgcc.a(_copy_data.o)
                0x00000066                __do_copy_data
                0x00000094                __do_clear_bss
 *(.init4)
 *(.init5)
 *(.init5)
 *(.init6)
 *(.init6)
 *(.init7)
 *(.init7)
 *(.init8)
 *(.init8)
 *(.init9)
 .init9         0x000000a2        0x8 C:/Program Files (x86)/Microchip/MPLABX/v5.30/packs/Microchip/ATmega_DFP/2.0.12/gcc/dev/atmega32a/avr5/memx-const/crtatmega32a.o
 *(.init9)
                0x000000aa                . = ALIGN (0x2)
 *(.fini9)
 .fini9         0x000000aa        0x0 c:/program files (x86)/microchip/xc8/v2.10/avr/bin/../lib/gcc/avr/5.4.0/avr5/memx-const\libgcc.a(_exit.o)
                0x000000aa                _exit
                0x000000aa                exit
 *(.fini9)
 *(.fini8)
 *(.fini8)
 *(.fini7)
 *(.fini7)
 *(.fini6)
 *(.fini6)
 *(.fini5)
 *(.fini5)
 *(.fini4)
 *(.fini4)
 *(.fini3)
 *(.fini3)
 *(.fini2)
 *(.fini2)
 *(.fini1)
 *(.fini1)
 *(.fini0)
 .fini0         0x000000aa        0x4 c:/program files (x86)/microchip/xc8/v2.10/avr/bin/../lib/gcc/avr/5.4.0/avr5/memx-const\libgcc.a(_exit.o)
 *(.fini0)
                0x000000ae                _etext = .

.data           0x00800060        0x0 load address 0x000000ae
                [!provide]                PROVIDE (__data_start, .)
 *(.gnu.linkonce.d*)
 *(.gnu.linkonce.r*)
                0x00800060                . = ALIGN (0x2)
 *fill*         0x00800060        0x0 
                0x00800060                _edata = .
                [!provide]                PROVIDE (__data_end, .)

.bss            0x00800060        0x3
                [!provide]                PROVIDE (__bss_start, .)
 *(COMMON)
 COMMON         0x00800060        0x3 build/default/production/main.o
                0x00800060                b
                0x00800061                data
                0x00800062                a
                [!provide]                PROVIDE (__bss_end, .)
                0x000000ae                __data_load_start = LOADADDR (.data)
                0x000000ae                __data_load_end = (__data_load_start + SIZEOF (.data))

.noinit         0x00800063        0x0
                [!provide]                PROVIDE (__noinit_start, .)
 *(.noinit*)
                [!provide]                PROVIDE (__noinit_end, .)
                0x00800063                _end = .

.eeprom         0x00810000        0x0
 *(.eeprom*)
                0x00810000                __eeprom_end = .

.fuse
 *(.fuse)
 *(.lfuse)
 *(.hfuse)
 *(.efuse)

.lock
 *(.lock*)

.signature
 *(.signature*)

.user_signatures
 *(.user_signatures*)

.stab
 *(.stab)

.stabstr
 *(.stabstr)

.stab.excl
 *(.stab.excl)

.stab.exclstr
 *(.stab.exclstr)

.stab.index
 *(.stab.index)

.stab.indexstr
 *(.stab.indexstr)

.comment        0x00000000       0x2f
 *(.comment)
 .comment       0x00000000       0x2f build/default/production/mUART.o
                                 0x30 (size before relaxing)
 .comment       0x0000002f       0x30 build/default/production/SPI.o
 .comment       0x0000002f       0x30 build/default/production/main.o

.note.gnu.build-id
 *(.note.gnu.build-id)

.debug
 *(.debug)

.line
 *(.line)

.debug_srcinfo
 *(.debug_srcinfo)

.debug_sfnames
 *(.debug_sfnames)

.debug_aranges  0x00000000       0x90
 *(.debug_aranges)
 .debug_aranges
                0x00000000       0x48 build/default/production/mUART.o
 .debug_aranges
                0x00000048       0x28 build/default/production/SPI.o
 .debug_aranges
                0x00000070       0x20 build/default/production/main.o

.debug_pubnames
 *(.debug_pubnames)

.debug_info     0x00000000      0xf02
 *(.debug_info .gnu.linkonce.wi.*)
 .debug_info    0x00000000      0x4e6 C:/Program Files (x86)/Microchip/MPLABX/v5.30/packs/Microchip/ATmega_DFP/2.0.12/gcc/dev/atmega32a/avr5/memx-const/crtatmega32a.o
 .debug_info    0x000004e6      0x4ad build/default/production/mUART.o
 .debug_info    0x00000993      0x292 build/default/production/SPI.o
 .debug_info    0x00000c25      0x2dd build/default/production/main.o

.debug_abbrev   0x00000000      0x738
 *(.debug_abbrev)
 .debug_abbrev  0x00000000      0x4a3 C:/Program Files (x86)/Microchip/MPLABX/v5.30/packs/Microchip/ATmega_DFP/2.0.12/gcc/dev/atmega32a/avr5/memx-const/crtatmega32a.o
 .debug_abbrev  0x000004a3      0x192 build/default/production/mUART.o
 .debug_abbrev  0x00000635       0x7e build/default/production/SPI.o
 .debug_abbrev  0x000006b3       0x85 build/default/production/main.o

.debug_line     0x00000000      0x3ca
 *(.debug_line .debug_line.* .debug_line_end)
 .debug_line    0x00000000      0x118 C:/Program Files (x86)/Microchip/MPLABX/v5.30/packs/Microchip/ATmega_DFP/2.0.12/gcc/dev/atmega32a/avr5/memx-const/crtatmega32a.o
 .debug_line    0x00000118      0x152 build/default/production/mUART.o
 .debug_line    0x0000026a       0xf8 build/default/production/SPI.o
 .debug_line    0x00000362       0x68 build/default/production/main.o

.debug_frame    0x00000000       0xe8
 *(.debug_frame)
 .debug_frame   0x00000000       0x90 build/default/production/mUART.o
 .debug_frame   0x00000090       0x34 build/default/production/SPI.o
 .debug_frame   0x000000c4       0x24 build/default/production/main.o

.debug_str      0x00000000      0x1da
 *(.debug_str)
 .debug_str     0x00000000      0x196 C:/Program Files (x86)/Microchip/MPLABX/v5.30/packs/Microchip/ATmega_DFP/2.0.12/gcc/dev/atmega32a/avr5/memx-const/crtatmega32a.o
 .debug_str     0x00000196       0x17 build/default/production/mUART.o
 .debug_str     0x000001ad        0x0 build/default/production/SPI.o
 .debug_str     0x000001ad       0x2d build/default/production/main.o

.debug_loc      0x00000000      0x184
 *(.debug_loc)
 .debug_loc     0x00000000      0x140 build/default/production/mUART.o
 .debug_loc     0x00000140       0x44 build/default/production/SPI.o

.debug_macinfo
 *(.debug_macinfo)

.debug_weaknames
 *(.debug_weaknames)

.debug_funcnames
 *(.debug_funcnames)

.debug_typenames
 *(.debug_typenames)

.debug_varnames
 *(.debug_varnames)

.debug_pubtypes
 *(.debug_pubtypes)

.debug_ranges   0x00000000       0x60
 *(.debug_ranges)
 .debug_ranges  0x00000000       0x38 build/default/production/mUART.o
 .debug_ranges  0x00000038       0x18 build/default/production/SPI.o
 .debug_ranges  0x00000050       0x10 build/default/production/main.o

.debug_macro
 *(.debug_macro)
OUTPUT(dist/default/production/Microcontroller1.X.production.elf elf32-avr)
LOAD linker stubs
LOAD data_init

.note.gnu.avr.deviceinfo
                0x00000000       0x3c
 .note.gnu.avr.deviceinfo
                0x00000000       0x3c C:/Program Files (x86)/Microchip/MPLABX/v5.30/packs/Microchip/ATmega_DFP/2.0.12/gcc/dev/atmega32a/avr5/memx-const/crtatmega32a.o

.text.avrlibc.fplib
                0x000000ae       0xdc
 .text.avrlibc.fplib
                0x000000ae       0xdc c:/program files (x86)/microchip/xc8/v2.10/avr/bin/../lib/gcc/avr/5.4.0/../../../../avr/lib/avr5/memx-const\libm.a(divsf3x.o)
                0x000000ce                __divsf3x
                0x000000d4                __divsf3_pse

.text.avrlibc.fplib
                0x0000018a       0xcc
 .text.avrlibc.fplib
                0x0000018a       0xcc c:/program files (x86)/microchip/xc8/v2.10/avr/bin/../lib/gcc/avr/5.4.0/../../../../avr/lib/avr5/memx-const\libm.a(addsf3x.o)
                0x000001ac                __addsf3x

.text.avrlibc.fplib
                0x00000256       0x7a
 .text.avrlibc.fplib
                0x00000256       0x7a c:/program files (x86)/microchip/xc8/v2.10/avr/bin/../lib/gcc/avr/5.4.0/../../../../avr/lib/avr5/memx-const\libm.a(floatsisf.o)
                0x00000256                __floatunsisf
                0x0000025a                __floatsisf

.text.avrlibc.fplib
                0x000002d0       0x5e
 .text.avrlibc.fplib
                0x000002d0       0x5e c:/program files (x86)/microchip/xc8/v2.10/avr/bin/../lib/gcc/avr/5.4.0/../../../../avr/lib/avr5/memx-const\libm.a(fixunssfsi.o)
                0x000002d0                __fixunssfsi

.text.avrlibc.fplib
                0x0000032e       0x44
 .text.avrlibc.fplib
                0x0000032e       0x44 c:/program files (x86)/microchip/xc8/v2.10/avr/bin/../lib/gcc/avr/5.4.0/../../../../avr/lib/avr5/memx-const\libm.a(fp_split3.o)
                0x0000032e                __fp_split3
                0x0000033e                __fp_splitA

.text.SPI_init  0x00000372       0x3a
 .text.SPI_init
                0x00000372       0x3a build/default/production/SPI.o
                0x00000372                SPI_init

.text.UART_setBaudRate
                0x000003ac       0x32
 .text.UART_setBaudRate
                0x000003ac       0x32 build/default/production/mUART.o
                0x000003ac                UART_setBaudRate

.text.main      0x000003de       0x22
 .text.main     0x000003de       0x22 build/default/production/main.o
                0x000003de                main

.text.avrlibc.fplib
                0x00000400       0x22
 .text.avrlibc.fplib
                0x00000400       0x22 c:/program files (x86)/microchip/xc8/v2.10/avr/bin/../lib/gcc/avr/5.4.0/../../../../avr/lib/avr5/memx-const\libm.a(fp_round.o)
                0x00000400                __fp_round

.text.avrlibc.fplib
                0x00000422        0xe
 .text.avrlibc.fplib
                0x00000422        0xe c:/program files (x86)/microchip/xc8/v2.10/avr/bin/../lib/gcc/avr/5.4.0/../../../../avr/lib/avr5/memx-const\libm.a(addsf3.o)
                0x00000422                __subsf3
                0x00000424                __addsf3

.text.avrlibc.fplib
                0x00000430        0xe
 .text.avrlibc.fplib
                0x00000430        0xe c:/program files (x86)/microchip/xc8/v2.10/avr/bin/../lib/gcc/avr/5.4.0/../../../../avr/lib/avr5/memx-const\libm.a(fixsfsi.o)
                0x00000430                __fixsfsi

.text.avrlibc.fplib
                0x0000043e        0xe
 .text.avrlibc.fplib
                0x0000043e        0xe c:/program files (x86)/microchip/xc8/v2.10/avr/bin/../lib/gcc/avr/5.4.0/../../../../avr/lib/avr5/memx-const\libm.a(fp_pscA.o)
                0x0000043e                __fp_pscA

.text.avrlibc.fplib
                0x0000044c        0xe
 .text.avrlibc.fplib
                0x0000044c        0xe c:/program files (x86)/microchip/xc8/v2.10/avr/bin/../lib/gcc/avr/5.4.0/../../../../avr/lib/avr5/memx-const\libm.a(fp_pscB.o)
                0x0000044c                __fp_pscB

.text.avrlibc.fplib
                0x0000045a        0xe
 .text.avrlibc.fplib
                0x0000045a        0xe c:/program files (x86)/microchip/xc8/v2.10/avr/bin/../lib/gcc/avr/5.4.0/../../../../avr/lib/avr5/memx-const\libm.a(fp_zero.o)
                0x0000045a                __fp_zero
                0x0000045c                __fp_szero

.text.UART_init
                0x00000468        0xc
 .text.UART_init
                0x00000468        0xc build/default/production/mUART.o
                0x00000468                UART_init

.text.avrlibc.fplib
                0x00000474        0xc
 .text.avrlibc.fplib
                0x00000474        0xc c:/program files (x86)/microchip/xc8/v2.10/avr/bin/../lib/gcc/avr/5.4.0/../../../../avr/lib/avr5/memx-const\libm.a(fp_inf.o)
                0x00000474                __fp_inf

.text.UART_receive
                0x00000480        0x8
 .text.UART_receive
                0x00000480        0x8 build/default/production/mUART.o
                0x00000480                UART_receive

.text.SPI_TRANSMIT
                0x00000488        0x8
 .text.SPI_TRANSMIT
                0x00000488        0x8 build/default/production/SPI.o
                0x00000488                SPI_TRANSMIT

.text.avrlibc.fplib
                0x00000490        0x8
 .text.avrlibc.fplib
                0x00000490        0x8 c:/program files (x86)/microchip/xc8/v2.10/avr/bin/../lib/gcc/avr/5.4.0/../../../../avr/lib/avr5/memx-const\libm.a(divsf3.o)
                0x00000490                __divsf3

.text.avrlibc.fplib
                0x00000498        0x6
 .text.avrlibc.fplib
                0x00000498        0x6 c:/program files (x86)/microchip/xc8/v2.10/avr/bin/../lib/gcc/avr/5.4.0/../../../../avr/lib/avr5/memx-const\libm.a(fp_nan.o)
                0x00000498                __fp_nan

.text           0x0000049e        0x4
 .text          0x0000049e        0x4 C:/Program Files (x86)/Microchip/MPLABX/v5.30/packs/Microchip/ATmega_DFP/2.0.12/gcc/dev/atmega32a/avr5/memx-const/crtatmega32a.o
                0x0000049e                __vector_1
                0x0000049e                __vector_12
                0x0000049e                __bad_interrupt
                0x0000049e                __vector_6
                0x0000049e                __vector_3
                0x0000049e                __vector_11
                0x0000049e                __vector_13
                0x0000049e                __vector_17
                0x0000049e                __vector_19
                0x0000049e                __vector_7
                0x0000049e                __vector_5
                0x0000049e                __vector_4
                0x0000049e                __vector_9
                0x0000049e                __vector_2
                0x0000049e                __vector_15
                0x0000049e                __vector_8
                0x0000049e                __vector_14
                0x0000049e                __vector_10
                0x0000049e                __vector_16
                0x0000049e                __vector_18
                0x0000049e                __vector_20
